// Jest Snapshot v1, https://goo.gl/fbAQLP

exports[`CharacterCard component should render correctly snapshot 1`] = `
<View
  style={
    {
      "backgroundColor": "#ffffff",
      "borderBottomLeftRadius": 10,
      "borderBottomRightRadius": 10,
      "borderTopLeftRadius": 10,
      "borderTopRightRadius": 10,
      "flexBasis": 0,
      "flexGrow": 1,
      "flexShrink": 1,
      "marginBottom": 5,
      "marginLeft": 5,
      "marginRight": 5,
      "marginTop": 5,
      "paddingBottom": 10,
      "paddingLeft": 10,
      "paddingRight": 10,
      "paddingTop": 10,
    }
  }
>
  <View
    accessibilityState={
      {
        "busy": undefined,
        "checked": undefined,
        "disabled": undefined,
        "expanded": undefined,
        "selected": undefined,
      }
    }
    accessibilityValue={
      {
        "max": undefined,
        "min": undefined,
        "now": undefined,
        "text": undefined,
      }
    }
    accessible={true}
    collapsable={false}
    focusable={true}
    onClick={[Function]}
    onResponderGrant={[Function]}
    onResponderMove={[Function]}
    onResponderRelease={[Function]}
    onResponderTerminate={[Function]}
    onResponderTerminationRequest={[Function]}
    onStartShouldSetResponder={[Function]}
    style={
      {
        "opacity": 1,
      }
    }
    testID="buttonID1"
  >
    <Image
      source={
        {
          "uri": "https://rickandmortyapi.com/api/character/avatar/1.jpeg",
        }
      }
      style={
        {
          "borderBottomLeftRadius": 10,
          "borderBottomRightRadius": 10,
          "borderTopLeftRadius": 10,
          "borderTopRightRadius": 10,
          "height": 100,
          "width": "100%",
        }
      }
      testID="imageID1"
    />
    <Text
      aligin="center"
      color="#FF87A2"
      fontSize="18px"
      isBold={true}
      style={
        {
          "color": "#FF87A2",
          "fontSize": 18,
          "fontWeight": "bold",
          "textAlign": "center",
        }
      }
      testID="nameID1"
    >
      Rick Sanchez
    </Text>
    <Text
      aligin="left"
      color="#2CB9B0"
      fontSize="16px"
      isBold={true}
      style={
        {
          "color": "#2CB9B0",
          "fontSize": 16,
          "fontWeight": "bold",
          "textAlign": "left",
        }
      }
      testID="statusID1"
    >
      Alive
    </Text>
  </View>
</View>
`;
